CRITICAL - 2024-07-17 12:36:09 --> ErrorException: Undefined variable $accounts_data
[Method: GET, Route: accounts_data]
in APPPATH\Views\kd_project\index.php on line 36.
 1 APPPATH\Views\kd_project\index.php(36): CodeIgniter\Debug\Exceptions->errorHandler(2, 'Undefined variable $accounts_data', 'D:\\D\\xampp\\htdocs\\codeigniter\\app\\Views\\kd_project\\index.php', 36)
 2 SYSTEMPATH\View\View.php(234): include('D:\\D\\xampp\\htdocs\\codeigniter\\app\\Views\\kd_project\\index.php')
 3 SYSTEMPATH\View\View.php(237): CodeIgniter\View\View->CodeIgniter\View\{closure}()
 4 SYSTEMPATH\Common.php(1171): CodeIgniter\View\View->render('kd_project\\index', [], true)
 5 APPPATH\Controllers\accounts_data_controller.php(9): view('kd_project\\index')
 6 SYSTEMPATH\CodeIgniter.php(933): App\Controllers\Accounts_data_controller->index()
 7 SYSTEMPATH\CodeIgniter.php(509): CodeIgniter\CodeIgniter->runController(Object(App\Controllers\Accounts_data_controller))
 8 SYSTEMPATH\CodeIgniter.php(355): CodeIgniter\CodeIgniter->handleRequest(null, Object(Config\Cache), false)
 9 SYSTEMPATH\Boot.php(325): CodeIgniter\CodeIgniter->run()
10 SYSTEMPATH\Boot.php(67): CodeIgniter\Boot::runCodeIgniter(Object(CodeIgniter\CodeIgniter))
11 FCPATH\index.php(56): CodeIgniter\Boot::bootWeb(Object(Config\Paths))
CRITICAL - 2024-07-17 12:37:25 --> ErrorException: Undefined variable $accounts_data
[Method: GET, Route: accounts_data]
in APPPATH\Views\kd_project\accounts_data_view.php on line 35.
 1 APPPATH\Views\kd_project\accounts_data_view.php(35): CodeIgniter\Debug\Exceptions->errorHandler(2, 'Undefined variable $accounts_data', 'D:\\D\\xampp\\htdocs\\codeigniter\\app\\Views\\kd_project\\accounts_data_view.php', 35)
 2 SYSTEMPATH\View\View.php(234): include('D:\\D\\xampp\\htdocs\\codeigniter\\app\\Views\\kd_project\\accounts_data_view.php')
 3 SYSTEMPATH\View\View.php(237): CodeIgniter\View\View->CodeIgniter\View\{closure}()
 4 SYSTEMPATH\Common.php(1171): CodeIgniter\View\View->render('kd_project\\accounts_data_view', [], true)
 5 APPPATH\Controllers\accounts_data_controller.php(9): view('kd_project\\accounts_data_view')
 6 SYSTEMPATH\CodeIgniter.php(933): App\Controllers\Accounts_data_controller->index()
 7 SYSTEMPATH\CodeIgniter.php(509): CodeIgniter\CodeIgniter->runController(Object(App\Controllers\Accounts_data_controller))
 8 SYSTEMPATH\CodeIgniter.php(355): CodeIgniter\CodeIgniter->handleRequest(null, Object(Config\Cache), false)
 9 SYSTEMPATH\Boot.php(325): CodeIgniter\CodeIgniter->run()
10 SYSTEMPATH\Boot.php(67): CodeIgniter\Boot::runCodeIgniter(Object(CodeIgniter\CodeIgniter))
11 FCPATH\index.php(56): CodeIgniter\Boot::bootWeb(Object(Config\Paths))
CRITICAL - 2024-07-17 12:37:26 --> ErrorException: Undefined variable $accounts_data
[Method: GET, Route: accounts_data]
in APPPATH\Views\kd_project\accounts_data_view.php on line 35.
 1 APPPATH\Views\kd_project\accounts_data_view.php(35): CodeIgniter\Debug\Exceptions->errorHandler(2, 'Undefined variable $accounts_data', 'D:\\D\\xampp\\htdocs\\codeigniter\\app\\Views\\kd_project\\accounts_data_view.php', 35)
 2 SYSTEMPATH\View\View.php(234): include('D:\\D\\xampp\\htdocs\\codeigniter\\app\\Views\\kd_project\\accounts_data_view.php')
 3 SYSTEMPATH\View\View.php(237): CodeIgniter\View\View->CodeIgniter\View\{closure}()
 4 SYSTEMPATH\Common.php(1171): CodeIgniter\View\View->render('kd_project\\accounts_data_view', [], true)
 5 APPPATH\Controllers\accounts_data_controller.php(9): view('kd_project\\accounts_data_view')
 6 SYSTEMPATH\CodeIgniter.php(933): App\Controllers\Accounts_data_controller->index()
 7 SYSTEMPATH\CodeIgniter.php(509): CodeIgniter\CodeIgniter->runController(Object(App\Controllers\Accounts_data_controller))
 8 SYSTEMPATH\CodeIgniter.php(355): CodeIgniter\CodeIgniter->handleRequest(null, Object(Config\Cache), false)
 9 SYSTEMPATH\Boot.php(325): CodeIgniter\CodeIgniter->run()
10 SYSTEMPATH\Boot.php(67): CodeIgniter\Boot::runCodeIgniter(Object(CodeIgniter\CodeIgniter))
11 FCPATH\index.php(56): CodeIgniter\Boot::bootWeb(Object(Config\Paths))
CRITICAL - 2024-07-17 12:37:26 --> ErrorException: Undefined variable $accounts_data
[Method: GET, Route: accounts_data]
in APPPATH\Views\kd_project\accounts_data_view.php on line 35.
 1 APPPATH\Views\kd_project\accounts_data_view.php(35): CodeIgniter\Debug\Exceptions->errorHandler(2, 'Undefined variable $accounts_data', 'D:\\D\\xampp\\htdocs\\codeigniter\\app\\Views\\kd_project\\accounts_data_view.php', 35)
 2 SYSTEMPATH\View\View.php(234): include('D:\\D\\xampp\\htdocs\\codeigniter\\app\\Views\\kd_project\\accounts_data_view.php')
 3 SYSTEMPATH\View\View.php(237): CodeIgniter\View\View->CodeIgniter\View\{closure}()
 4 SYSTEMPATH\Common.php(1171): CodeIgniter\View\View->render('kd_project\\accounts_data_view', [], true)
 5 APPPATH\Controllers\accounts_data_controller.php(9): view('kd_project\\accounts_data_view')
 6 SYSTEMPATH\CodeIgniter.php(933): App\Controllers\Accounts_data_controller->index()
 7 SYSTEMPATH\CodeIgniter.php(509): CodeIgniter\CodeIgniter->runController(Object(App\Controllers\Accounts_data_controller))
 8 SYSTEMPATH\CodeIgniter.php(355): CodeIgniter\CodeIgniter->handleRequest(null, Object(Config\Cache), false)
 9 SYSTEMPATH\Boot.php(325): CodeIgniter\CodeIgniter->run()
10 SYSTEMPATH\Boot.php(67): CodeIgniter\Boot::runCodeIgniter(Object(CodeIgniter\CodeIgniter))
11 FCPATH\index.php(56): CodeIgniter\Boot::bootWeb(Object(Config\Paths))
CRITICAL - 2024-07-17 12:56:37 --> ErrorException: Undefined variable $accounts_data
[Method: GET, Route: accounts_data]
in APPPATH\Views\kd_project\accounts_data_view.php on line 33.
 1 APPPATH\Views\kd_project\accounts_data_view.php(33): CodeIgniter\Debug\Exceptions->errorHandler(2, 'Undefined variable $accounts_data', 'D:\\D\\xampp\\htdocs\\codeigniter\\app\\Views\\kd_project\\accounts_data_view.php', 33)
 2 SYSTEMPATH\View\View.php(234): include('D:\\D\\xampp\\htdocs\\codeigniter\\app\\Views\\kd_project\\accounts_data_view.php')
 3 SYSTEMPATH\View\View.php(237): CodeIgniter\View\View->CodeIgniter\View\{closure}()
 4 SYSTEMPATH\Common.php(1171): CodeIgniter\View\View->render('kd_project\\accounts_data_view', [], true)
 5 APPPATH\Controllers\accounts_data_controller.php(9): view('kd_project\\accounts_data_view')
 6 SYSTEMPATH\CodeIgniter.php(933): App\Controllers\Accounts_data_controller->index()
 7 SYSTEMPATH\CodeIgniter.php(509): CodeIgniter\CodeIgniter->runController(Object(App\Controllers\Accounts_data_controller))
 8 SYSTEMPATH\CodeIgniter.php(355): CodeIgniter\CodeIgniter->handleRequest(null, Object(Config\Cache), false)
 9 SYSTEMPATH\Boot.php(325): CodeIgniter\CodeIgniter->run()
10 SYSTEMPATH\Boot.php(67): CodeIgniter\Boot::runCodeIgniter(Object(CodeIgniter\CodeIgniter))
11 FCPATH\index.php(56): CodeIgniter\Boot::bootWeb(Object(Config\Paths))
CRITICAL - 2024-07-17 13:13:58 --> Error: Class "App\Controllers\accounts_data_model" not found
[Method: GET, Route: accounts_data]
in APPPATH\Controllers\accounts_data_controller.php on line 12.
 1 SYSTEMPATH\CodeIgniter.php(903): App\Controllers\Accounts_data_controller->__construct()
 2 SYSTEMPATH\CodeIgniter.php(500): CodeIgniter\CodeIgniter->createController()
 3 SYSTEMPATH\CodeIgniter.php(355): CodeIgniter\CodeIgniter->handleRequest(null, Object(Config\Cache), false)
 4 SYSTEMPATH\Boot.php(325): CodeIgniter\CodeIgniter->run()
 5 SYSTEMPATH\Boot.php(67): CodeIgniter\Boot::runCodeIgniter(Object(CodeIgniter\CodeIgniter))
 6 FCPATH\index.php(56): CodeIgniter\Boot::bootWeb(Object(Config\Paths))
CRITICAL - 2024-07-17 13:14:49 --> Error: Class "App\Controllers\accounts_data_model" not found
[Method: GET, Route: accounts_data]
in APPPATH\Controllers\accounts_data_controller.php on line 12.
 1 SYSTEMPATH\CodeIgniter.php(903): App\Controllers\Accounts_data_controller->__construct()
 2 SYSTEMPATH\CodeIgniter.php(500): CodeIgniter\CodeIgniter->createController()
 3 SYSTEMPATH\CodeIgniter.php(355): CodeIgniter\CodeIgniter->handleRequest(null, Object(Config\Cache), false)
 4 SYSTEMPATH\Boot.php(325): CodeIgniter\CodeIgniter->run()
 5 SYSTEMPATH\Boot.php(67): CodeIgniter\Boot::runCodeIgniter(Object(CodeIgniter\CodeIgniter))
 6 FCPATH\index.php(56): CodeIgniter\Boot::bootWeb(Object(Config\Paths))
CRITICAL - 2024-07-17 13:16:12 --> Error: Class "App\Controllers\accounts_data_model" not found
[Method: GET, Route: accounts_data]
in APPPATH\Controllers\accounts_data_controller.php on line 12.
 1 SYSTEMPATH\CodeIgniter.php(903): App\Controllers\Accounts_data_controller->__construct()
 2 SYSTEMPATH\CodeIgniter.php(500): CodeIgniter\CodeIgniter->createController()
 3 SYSTEMPATH\CodeIgniter.php(355): CodeIgniter\CodeIgniter->handleRequest(null, Object(Config\Cache), false)
 4 SYSTEMPATH\Boot.php(325): CodeIgniter\CodeIgniter->run()
 5 SYSTEMPATH\Boot.php(67): CodeIgniter\Boot::runCodeIgniter(Object(CodeIgniter\CodeIgniter))
 6 FCPATH\index.php(56): CodeIgniter\Boot::bootWeb(Object(Config\Paths))
CRITICAL - 2024-07-17 13:16:13 --> Error: Class "App\Controllers\accounts_data_model" not found
[Method: GET, Route: accounts_data]
in APPPATH\Controllers\accounts_data_controller.php on line 12.
 1 SYSTEMPATH\CodeIgniter.php(903): App\Controllers\Accounts_data_controller->__construct()
 2 SYSTEMPATH\CodeIgniter.php(500): CodeIgniter\CodeIgniter->createController()
 3 SYSTEMPATH\CodeIgniter.php(355): CodeIgniter\CodeIgniter->handleRequest(null, Object(Config\Cache), false)
 4 SYSTEMPATH\Boot.php(325): CodeIgniter\CodeIgniter->run()
 5 SYSTEMPATH\Boot.php(67): CodeIgniter\Boot::runCodeIgniter(Object(CodeIgniter\CodeIgniter))
 6 FCPATH\index.php(56): CodeIgniter\Boot::bootWeb(Object(Config\Paths))
CRITICAL - 2024-07-17 13:16:13 --> Error: Class "App\Controllers\accounts_data_model" not found
[Method: GET, Route: accounts_data]
in APPPATH\Controllers\accounts_data_controller.php on line 12.
 1 SYSTEMPATH\CodeIgniter.php(903): App\Controllers\Accounts_data_controller->__construct()
 2 SYSTEMPATH\CodeIgniter.php(500): CodeIgniter\CodeIgniter->createController()
 3 SYSTEMPATH\CodeIgniter.php(355): CodeIgniter\CodeIgniter->handleRequest(null, Object(Config\Cache), false)
 4 SYSTEMPATH\Boot.php(325): CodeIgniter\CodeIgniter->run()
 5 SYSTEMPATH\Boot.php(67): CodeIgniter\Boot::runCodeIgniter(Object(CodeIgniter\CodeIgniter))
 6 FCPATH\index.php(56): CodeIgniter\Boot::bootWeb(Object(Config\Paths))
CRITICAL - 2024-07-17 13:16:14 --> Error: Class "App\Controllers\accounts_data_model" not found
[Method: GET, Route: accounts_data]
in APPPATH\Controllers\accounts_data_controller.php on line 12.
 1 SYSTEMPATH\CodeIgniter.php(903): App\Controllers\Accounts_data_controller->__construct()
 2 SYSTEMPATH\CodeIgniter.php(500): CodeIgniter\CodeIgniter->createController()
 3 SYSTEMPATH\CodeIgniter.php(355): CodeIgniter\CodeIgniter->handleRequest(null, Object(Config\Cache), false)
 4 SYSTEMPATH\Boot.php(325): CodeIgniter\CodeIgniter->run()
 5 SYSTEMPATH\Boot.php(67): CodeIgniter\Boot::runCodeIgniter(Object(CodeIgniter\CodeIgniter))
 6 FCPATH\index.php(56): CodeIgniter\Boot::bootWeb(Object(Config\Paths))
CRITICAL - 2024-07-17 13:36:16 --> Error: Class "App\Controllers\accounts_data_model" not found
[Method: GET, Route: accounts_data]
in APPPATH\Controllers\accounts_data_controller.php on line 12.
 1 SYSTEMPATH\CodeIgniter.php(903): App\Controllers\Accounts_data_controller->__construct()
 2 SYSTEMPATH\CodeIgniter.php(500): CodeIgniter\CodeIgniter->createController()
 3 SYSTEMPATH\CodeIgniter.php(355): CodeIgniter\CodeIgniter->handleRequest(null, Object(Config\Cache), false)
 4 SYSTEMPATH\Boot.php(325): CodeIgniter\CodeIgniter->run()
 5 SYSTEMPATH\Boot.php(67): CodeIgniter\Boot::runCodeIgniter(Object(CodeIgniter\CodeIgniter))
 6 FCPATH\index.php(56): CodeIgniter\Boot::bootWeb(Object(Config\Paths))
CRITICAL - 2024-07-17 13:36:54 --> ErrorException: Undefined variable $accounts_data
[Method: GET, Route: accounts_data]
in APPPATH\Views\kd_project\accounts_data_view.php on line 32.
 1 APPPATH\Views\kd_project\accounts_data_view.php(32): CodeIgniter\Debug\Exceptions->errorHandler(2, 'Undefined variable $accounts_data', 'D:\\D\\xampp\\htdocs\\codeigniter\\app\\Views\\kd_project\\accounts_data_view.php', 32)
 2 SYSTEMPATH\View\View.php(234): include('D:\\D\\xampp\\htdocs\\codeigniter\\app\\Views\\kd_project\\accounts_data_view.php')
 3 SYSTEMPATH\View\View.php(237): CodeIgniter\View\View->CodeIgniter\View\{closure}()
 4 SYSTEMPATH\Common.php(1171): CodeIgniter\View\View->render('kd_project\\accounts_data_view', [], true)
 5 APPPATH\Controllers\accounts_data_controller.php(9): view('kd_project\\accounts_data_view')
 6 SYSTEMPATH\CodeIgniter.php(933): App\Controllers\Accounts_data_controller->index()
 7 SYSTEMPATH\CodeIgniter.php(509): CodeIgniter\CodeIgniter->runController(Object(App\Controllers\Accounts_data_controller))
 8 SYSTEMPATH\CodeIgniter.php(355): CodeIgniter\CodeIgniter->handleRequest(null, Object(Config\Cache), false)
 9 SYSTEMPATH\Boot.php(325): CodeIgniter\CodeIgniter->run()
10 SYSTEMPATH\Boot.php(67): CodeIgniter\Boot::runCodeIgniter(Object(CodeIgniter\CodeIgniter))
11 FCPATH\index.php(56): CodeIgniter\Boot::bootWeb(Object(Config\Paths))
CRITICAL - 2024-07-17 13:36:54 --> ErrorException: Undefined variable $accounts_data
[Method: GET, Route: accounts_data]
in APPPATH\Views\kd_project\accounts_data_view.php on line 32.
 1 APPPATH\Views\kd_project\accounts_data_view.php(32): CodeIgniter\Debug\Exceptions->errorHandler(2, 'Undefined variable $accounts_data', 'D:\\D\\xampp\\htdocs\\codeigniter\\app\\Views\\kd_project\\accounts_data_view.php', 32)
 2 SYSTEMPATH\View\View.php(234): include('D:\\D\\xampp\\htdocs\\codeigniter\\app\\Views\\kd_project\\accounts_data_view.php')
 3 SYSTEMPATH\View\View.php(237): CodeIgniter\View\View->CodeIgniter\View\{closure}()
 4 SYSTEMPATH\Common.php(1171): CodeIgniter\View\View->render('kd_project\\accounts_data_view', [], true)
 5 APPPATH\Controllers\accounts_data_controller.php(9): view('kd_project\\accounts_data_view')
 6 SYSTEMPATH\CodeIgniter.php(933): App\Controllers\Accounts_data_controller->index()
 7 SYSTEMPATH\CodeIgniter.php(509): CodeIgniter\CodeIgniter->runController(Object(App\Controllers\Accounts_data_controller))
 8 SYSTEMPATH\CodeIgniter.php(355): CodeIgniter\CodeIgniter->handleRequest(null, Object(Config\Cache), false)
 9 SYSTEMPATH\Boot.php(325): CodeIgniter\CodeIgniter->run()
10 SYSTEMPATH\Boot.php(67): CodeIgniter\Boot::runCodeIgniter(Object(CodeIgniter\CodeIgniter))
11 FCPATH\index.php(56): CodeIgniter\Boot::bootWeb(Object(Config\Paths))
