CRITICAL - 2024-07-27 08:06:36 --> Error: Class "App\Models\Account_model" not found
[Method: GET, Route: accounts]
in APPPATH/Controllers/Account_controller.php on line 12.
 1 SYSTEMPATH/CodeIgniter.php(903): App\Controllers\Account_controller->__construct()
 2 SYSTEMPATH/CodeIgniter.php(500): CodeIgniter\CodeIgniter->createController()
 3 SYSTEMPATH/CodeIgniter.php(355): CodeIgniter\CodeIgniter->handleRequest()
 4 SYSTEMPATH/Boot.php(325): CodeIgniter\CodeIgniter->run()
 5 SYSTEMPATH/Boot.php(67): CodeIgniter\Boot::runCodeIgniter()
 6 FCPATH/index.php(56): CodeIgniter\Boot::bootWeb()
CRITICAL - 2024-07-27 08:06:46 --> Error: Class "App\Models\Account_model" not found
[Method: GET, Route: accounts]
in APPPATH/Controllers/Account_controller.php on line 12.
 1 SYSTEMPATH/CodeIgniter.php(903): App\Controllers\Account_controller->__construct()
 2 SYSTEMPATH/CodeIgniter.php(500): CodeIgniter\CodeIgniter->createController()
 3 SYSTEMPATH/CodeIgniter.php(355): CodeIgniter\CodeIgniter->handleRequest()
 4 SYSTEMPATH/Boot.php(325): CodeIgniter\CodeIgniter->run()
 5 SYSTEMPATH/Boot.php(67): CodeIgniter\Boot::runCodeIgniter()
 6 FCPATH/index.php(56): CodeIgniter\Boot::bootWeb()
CRITICAL - 2024-07-27 08:07:22 --> Error: Class "App\Models\Account_model" not found
[Method: GET, Route: accounts]
in APPPATH/Controllers/Account_controller.php on line 12.
 1 SYSTEMPATH/CodeIgniter.php(903): App\Controllers\Account_controller->__construct()
 2 SYSTEMPATH/CodeIgniter.php(500): CodeIgniter\CodeIgniter->createController()
 3 SYSTEMPATH/CodeIgniter.php(355): CodeIgniter\CodeIgniter->handleRequest()
 4 SYSTEMPATH/Boot.php(325): CodeIgniter\CodeIgniter->run()
 5 SYSTEMPATH/Boot.php(67): CodeIgniter\Boot::runCodeIgniter()
 6 FCPATH/index.php(56): CodeIgniter\Boot::bootWeb()
CRITICAL - 2024-07-27 08:07:33 --> Error: Class "App\Models\Account_model" not found
[Method: GET, Route: accounts]
in APPPATH/Controllers/Account_controller.php on line 12.
 1 SYSTEMPATH/CodeIgniter.php(903): App\Controllers\Account_controller->__construct()
 2 SYSTEMPATH/CodeIgniter.php(500): CodeIgniter\CodeIgniter->createController()
 3 SYSTEMPATH/CodeIgniter.php(355): CodeIgniter\CodeIgniter->handleRequest()
 4 SYSTEMPATH/Boot.php(325): CodeIgniter\CodeIgniter->run()
 5 SYSTEMPATH/Boot.php(67): CodeIgniter\Boot::runCodeIgniter()
 6 FCPATH/index.php(56): CodeIgniter\Boot::bootWeb()
CRITICAL - 2024-07-27 08:07:35 --> Error: Class "App\Models\Account_model" not found
[Method: GET, Route: accounts]
in APPPATH/Controllers/Account_controller.php on line 12.
 1 SYSTEMPATH/CodeIgniter.php(903): App\Controllers\Account_controller->__construct()
 2 SYSTEMPATH/CodeIgniter.php(500): CodeIgniter\CodeIgniter->createController()
 3 SYSTEMPATH/CodeIgniter.php(355): CodeIgniter\CodeIgniter->handleRequest()
 4 SYSTEMPATH/Boot.php(325): CodeIgniter\CodeIgniter->run()
 5 SYSTEMPATH/Boot.php(67): CodeIgniter\Boot::runCodeIgniter()
 6 FCPATH/index.php(56): CodeIgniter\Boot::bootWeb()
CRITICAL - 2024-07-27 08:07:49 --> Error: Class "App\Models\Account_model" not found
[Method: GET, Route: accounts]
in APPPATH/Controllers/Account_controller.php on line 12.
 1 SYSTEMPATH/CodeIgniter.php(903): App\Controllers\Account_controller->__construct()
 2 SYSTEMPATH/CodeIgniter.php(500): CodeIgniter\CodeIgniter->createController()
 3 SYSTEMPATH/CodeIgniter.php(355): CodeIgniter\CodeIgniter->handleRequest()
 4 SYSTEMPATH/Boot.php(325): CodeIgniter\CodeIgniter->run()
 5 SYSTEMPATH/Boot.php(67): CodeIgniter\Boot::runCodeIgniter()
 6 FCPATH/index.php(56): CodeIgniter\Boot::bootWeb()
CRITICAL - 2024-07-27 08:07:56 --> Error: Class "App\Models\Account_model" not found
[Method: GET, Route: accounts]
in APPPATH/Controllers/Account_controller.php on line 12.
 1 SYSTEMPATH/CodeIgniter.php(903): App\Controllers\Account_controller->__construct()
 2 SYSTEMPATH/CodeIgniter.php(500): CodeIgniter\CodeIgniter->createController()
 3 SYSTEMPATH/CodeIgniter.php(355): CodeIgniter\CodeIgniter->handleRequest()
 4 SYSTEMPATH/Boot.php(325): CodeIgniter\CodeIgniter->run()
 5 SYSTEMPATH/Boot.php(67): CodeIgniter\Boot::runCodeIgniter()
 6 FCPATH/index.php(56): CodeIgniter\Boot::bootWeb()
CRITICAL - 2024-07-27 08:11:28 --> Error: Class "App\Models\Account_model" not found
[Method: GET, Route: accounts]
in APPPATH/Controllers/account_controller.php on line 12.
 1 SYSTEMPATH/CodeIgniter.php(903): App\Controllers\Account_controller->__construct()
 2 SYSTEMPATH/CodeIgniter.php(500): CodeIgniter\CodeIgniter->createController()
 3 SYSTEMPATH/CodeIgniter.php(355): CodeIgniter\CodeIgniter->handleRequest()
 4 SYSTEMPATH/Boot.php(325): CodeIgniter\CodeIgniter->run()
 5 SYSTEMPATH/Boot.php(67): CodeIgniter\Boot::runCodeIgniter()
 6 FCPATH/index.php(56): CodeIgniter\Boot::bootWeb()
CRITICAL - 2024-07-27 08:11:30 --> Error: Class "App\Models\Account_model" not found
[Method: GET, Route: accounts]
in APPPATH/Controllers/account_controller.php on line 12.
 1 SYSTEMPATH/CodeIgniter.php(903): App\Controllers\Account_controller->__construct()
 2 SYSTEMPATH/CodeIgniter.php(500): CodeIgniter\CodeIgniter->createController()
 3 SYSTEMPATH/CodeIgniter.php(355): CodeIgniter\CodeIgniter->handleRequest()
 4 SYSTEMPATH/Boot.php(325): CodeIgniter\CodeIgniter->run()
 5 SYSTEMPATH/Boot.php(67): CodeIgniter\Boot::runCodeIgniter()
 6 FCPATH/index.php(56): CodeIgniter\Boot::bootWeb()
CRITICAL - 2024-07-27 08:16:08 --> Error: Class "App\Models\Account_model" not found
[Method: GET, Route: accounts]
in APPPATH/Controllers/account_controller.php on line 12.
 1 SYSTEMPATH/CodeIgniter.php(903): App\Controllers\Account_controller->__construct()
 2 SYSTEMPATH/CodeIgniter.php(500): CodeIgniter\CodeIgniter->createController()
 3 SYSTEMPATH/CodeIgniter.php(355): CodeIgniter\CodeIgniter->handleRequest()
 4 SYSTEMPATH/Boot.php(325): CodeIgniter\CodeIgniter->run()
 5 SYSTEMPATH/Boot.php(67): CodeIgniter\Boot::runCodeIgniter()
 6 FCPATH/index.php(56): CodeIgniter\Boot::bootWeb()
CRITICAL - 2024-07-27 08:19:31 --> Error: Class "App\Models\Account_model" not found
[Method: GET, Route: accounts]
in APPPATH/Controllers/account_controller.php on line 12.
 1 SYSTEMPATH/CodeIgniter.php(903): App\Controllers\Account_controller->__construct()
 2 SYSTEMPATH/CodeIgniter.php(500): CodeIgniter\CodeIgniter->createController()
 3 SYSTEMPATH/CodeIgniter.php(355): CodeIgniter\CodeIgniter->handleRequest()
 4 SYSTEMPATH/Boot.php(325): CodeIgniter\CodeIgniter->run()
 5 SYSTEMPATH/Boot.php(67): CodeIgniter\Boot::runCodeIgniter()
 6 FCPATH/index.php(56): CodeIgniter\Boot::bootWeb()
ERROR - 2024-07-27 08:20:25 --> Error connecting to the database: mysqli_sql_exception: Connection timed out in /home/u877349608/domains/muraridubey.com/public_html/codeigniter/system/Database/MySQLi/Connection.php:187
Stack trace:
#0 /home/u877349608/domains/muraridubey.com/public_html/codeigniter/system/Database/MySQLi/Connection.php(187): mysqli->real_connect()
#1 /home/u877349608/domains/muraridubey.com/public_html/codeigniter/system/Database/BaseConnection.php(421): CodeIgniter\Database\MySQLi\Connection->connect()
#2 /home/u877349608/domains/muraridubey.com/public_html/codeigniter/system/Database/BaseConnection.php(616): CodeIgniter\Database\BaseConnection->initialize()
#3 /home/u877349608/domains/muraridubey.com/public_html/codeigniter/app/Models/Account_model.php(18): CodeIgniter\Database\BaseConnection->query()
#4 /home/u877349608/domains/muraridubey.com/public_html/codeigniter/app/Controllers/account_controller.php(19): App\Models\Account_model->get_accounts_data()
#5 /home/u877349608/domains/muraridubey.com/public_html/codeigniter/system/CodeIgniter.php(933): App\Controllers\Account_controller->index()
#6 /home/u877349608/domains/muraridubey.com/public_html/codeigniter/system/CodeIgniter.php(509): CodeIgniter\CodeIgniter->runController()
#7 /home/u877349608/domains/muraridubey.com/public_html/codeigniter/system/CodeIgniter.php(355): CodeIgniter\CodeIgniter->handleRequest()
#8 /home/u877349608/domains/muraridubey.com/public_html/codeigniter/system/Boot.php(325): CodeIgniter\CodeIgniter->run()
#9 /home/u877349608/domains/muraridubey.com/public_html/codeigniter/system/Boot.php(67): CodeIgniter\Boot::runCodeIgniter()
#10 /home/u877349608/domains/muraridubey.com/public_html/codeigniter/public/index.php(56): CodeIgniter\Boot::bootWeb()
#11 {main}

Next CodeIgniter\Database\Exceptions\DatabaseException: Connection timed out in /home/u877349608/domains/muraridubey.com/public_html/codeigniter/system/Database/MySQLi/Connection.php:231
Stack trace:
#0 /home/u877349608/domains/muraridubey.com/public_html/codeigniter/system/Database/BaseConnection.php(421): CodeIgniter\Database\MySQLi\Connection->connect()
#1 /home/u877349608/domains/muraridubey.com/public_html/codeigniter/system/Database/BaseConnection.php(616): CodeIgniter\Database\BaseConnection->initialize()
#2 /home/u877349608/domains/muraridubey.com/public_html/codeigniter/app/Models/Account_model.php(18): CodeIgniter\Database\BaseConnection->query()
#3 /home/u877349608/domains/muraridubey.com/public_html/codeigniter/app/Controllers/account_controller.php(19): App\Models\Account_model->get_accounts_data()
#4 /home/u877349608/domains/muraridubey.com/public_html/codeigniter/system/CodeIgniter.php(933): App\Controllers\Account_controller->index()
#5 /home/u877349608/domains/muraridubey.com/public_html/codeigniter/system/CodeIgniter.php(509): CodeIgniter\CodeIgniter->runController()
#6 /home/u877349608/domains/muraridubey.com/public_html/codeigniter/system/CodeIgniter.php(355): CodeIgniter\CodeIgniter->handleRequest()
#7 /home/u877349608/domains/muraridubey.com/public_html/codeigniter/system/Boot.php(325): CodeIgniter\CodeIgniter->run()
#8 /home/u877349608/domains/muraridubey.com/public_html/codeigniter/system/Boot.php(67): CodeIgniter\Boot::runCodeIgniter()
#9 /home/u877349608/domains/muraridubey.com/public_html/codeigniter/public/index.php(56): CodeIgniter\Boot::bootWeb()
#10 {main}
CRITICAL - 2024-07-27 08:20:25 --> CodeIgniter\Database\Exceptions\DatabaseException: Unable to connect to the database.
Main connection [MySQLi]: Connection timed out
[Method: GET, Route: accounts]
in SYSTEMPATH/Database/BaseConnection.php on line 467.
 1 SYSTEMPATH/Database/BaseConnection.php(616): CodeIgniter\Database\BaseConnection->initialize()
 2 APPPATH/Models/Account_model.php(18): CodeIgniter\Database\BaseConnection->query()
 3 APPPATH/Controllers/account_controller.php(19): App\Models\Account_model->get_accounts_data()
 4 SYSTEMPATH/CodeIgniter.php(933): App\Controllers\Account_controller->index()
 5 SYSTEMPATH/CodeIgniter.php(509): CodeIgniter\CodeIgniter->runController()
 6 SYSTEMPATH/CodeIgniter.php(355): CodeIgniter\CodeIgniter->handleRequest()
 7 SYSTEMPATH/Boot.php(325): CodeIgniter\CodeIgniter->run()
 8 SYSTEMPATH/Boot.php(67): CodeIgniter\Boot::runCodeIgniter()
 9 FCPATH/index.php(56): CodeIgniter\Boot::bootWeb()
ERROR - 2024-07-27 08:21:21 --> Error connecting to the database: mysqli_sql_exception: Connection timed out in /home/u877349608/domains/muraridubey.com/public_html/codeigniter/system/Database/MySQLi/Connection.php:187
Stack trace:
#0 /home/u877349608/domains/muraridubey.com/public_html/codeigniter/system/Database/MySQLi/Connection.php(187): mysqli->real_connect()
#1 /home/u877349608/domains/muraridubey.com/public_html/codeigniter/system/Database/BaseConnection.php(421): CodeIgniter\Database\MySQLi\Connection->connect()
#2 /home/u877349608/domains/muraridubey.com/public_html/codeigniter/system/Database/BaseConnection.php(616): CodeIgniter\Database\BaseConnection->initialize()
#3 /home/u877349608/domains/muraridubey.com/public_html/codeigniter/app/Models/Account_model.php(18): CodeIgniter\Database\BaseConnection->query()
#4 /home/u877349608/domains/muraridubey.com/public_html/codeigniter/app/Controllers/account_controller.php(19): App\Models\Account_model->get_accounts_data()
#5 /home/u877349608/domains/muraridubey.com/public_html/codeigniter/system/CodeIgniter.php(933): App\Controllers\Account_controller->index()
#6 /home/u877349608/domains/muraridubey.com/public_html/codeigniter/system/CodeIgniter.php(509): CodeIgniter\CodeIgniter->runController()
#7 /home/u877349608/domains/muraridubey.com/public_html/codeigniter/system/CodeIgniter.php(355): CodeIgniter\CodeIgniter->handleRequest()
#8 /home/u877349608/domains/muraridubey.com/public_html/codeigniter/system/Boot.php(325): CodeIgniter\CodeIgniter->run()
#9 /home/u877349608/domains/muraridubey.com/public_html/codeigniter/system/Boot.php(67): CodeIgniter\Boot::runCodeIgniter()
#10 /home/u877349608/domains/muraridubey.com/public_html/codeigniter/public/index.php(56): CodeIgniter\Boot::bootWeb()
#11 {main}

Next CodeIgniter\Database\Exceptions\DatabaseException: Connection timed out in /home/u877349608/domains/muraridubey.com/public_html/codeigniter/system/Database/MySQLi/Connection.php:231
Stack trace:
#0 /home/u877349608/domains/muraridubey.com/public_html/codeigniter/system/Database/BaseConnection.php(421): CodeIgniter\Database\MySQLi\Connection->connect()
#1 /home/u877349608/domains/muraridubey.com/public_html/codeigniter/system/Database/BaseConnection.php(616): CodeIgniter\Database\BaseConnection->initialize()
#2 /home/u877349608/domains/muraridubey.com/public_html/codeigniter/app/Models/Account_model.php(18): CodeIgniter\Database\BaseConnection->query()
#3 /home/u877349608/domains/muraridubey.com/public_html/codeigniter/app/Controllers/account_controller.php(19): App\Models\Account_model->get_accounts_data()
#4 /home/u877349608/domains/muraridubey.com/public_html/codeigniter/system/CodeIgniter.php(933): App\Controllers\Account_controller->index()
#5 /home/u877349608/domains/muraridubey.com/public_html/codeigniter/system/CodeIgniter.php(509): CodeIgniter\CodeIgniter->runController()
#6 /home/u877349608/domains/muraridubey.com/public_html/codeigniter/system/CodeIgniter.php(355): CodeIgniter\CodeIgniter->handleRequest()
#7 /home/u877349608/domains/muraridubey.com/public_html/codeigniter/system/Boot.php(325): CodeIgniter\CodeIgniter->run()
#8 /home/u877349608/domains/muraridubey.com/public_html/codeigniter/system/Boot.php(67): CodeIgniter\Boot::runCodeIgniter()
#9 /home/u877349608/domains/muraridubey.com/public_html/codeigniter/public/index.php(56): CodeIgniter\Boot::bootWeb()
#10 {main}
CRITICAL - 2024-07-27 08:21:21 --> CodeIgniter\Database\Exceptions\DatabaseException: Unable to connect to the database.
Main connection [MySQLi]: Connection timed out
[Method: GET, Route: accounts]
in SYSTEMPATH/Database/BaseConnection.php on line 467.
 1 SYSTEMPATH/Database/BaseConnection.php(616): CodeIgniter\Database\BaseConnection->initialize()
 2 APPPATH/Models/Account_model.php(18): CodeIgniter\Database\BaseConnection->query()
 3 APPPATH/Controllers/account_controller.php(19): App\Models\Account_model->get_accounts_data()
 4 SYSTEMPATH/CodeIgniter.php(933): App\Controllers\Account_controller->index()
 5 SYSTEMPATH/CodeIgniter.php(509): CodeIgniter\CodeIgniter->runController()
 6 SYSTEMPATH/CodeIgniter.php(355): CodeIgniter\CodeIgniter->handleRequest()
 7 SYSTEMPATH/Boot.php(325): CodeIgniter\CodeIgniter->run()
 8 SYSTEMPATH/Boot.php(67): CodeIgniter\Boot::runCodeIgniter()
 9 FCPATH/index.php(56): CodeIgniter\Boot::bootWeb()
ERROR - 2024-07-27 08:25:46 --> Error connecting to the database: mysqli_sql_exception: Connection timed out in /home/u877349608/domains/muraridubey.com/public_html/codeigniter/system/Database/MySQLi/Connection.php:187
Stack trace:
#0 /home/u877349608/domains/muraridubey.com/public_html/codeigniter/system/Database/MySQLi/Connection.php(187): mysqli->real_connect()
#1 /home/u877349608/domains/muraridubey.com/public_html/codeigniter/system/Database/BaseConnection.php(421): CodeIgniter\Database\MySQLi\Connection->connect()
#2 /home/u877349608/domains/muraridubey.com/public_html/codeigniter/system/Database/BaseConnection.php(616): CodeIgniter\Database\BaseConnection->initialize()
#3 /home/u877349608/domains/muraridubey.com/public_html/codeigniter/app/Models/Account_model.php(18): CodeIgniter\Database\BaseConnection->query()
#4 /home/u877349608/domains/muraridubey.com/public_html/codeigniter/app/Controllers/account_controller.php(19): App\Models\Account_model->get_accounts_data()
#5 /home/u877349608/domains/muraridubey.com/public_html/codeigniter/system/CodeIgniter.php(933): App\Controllers\Account_controller->index()
#6 /home/u877349608/domains/muraridubey.com/public_html/codeigniter/system/CodeIgniter.php(509): CodeIgniter\CodeIgniter->runController()
#7 /home/u877349608/domains/muraridubey.com/public_html/codeigniter/system/CodeIgniter.php(355): CodeIgniter\CodeIgniter->handleRequest()
#8 /home/u877349608/domains/muraridubey.com/public_html/codeigniter/system/Boot.php(325): CodeIgniter\CodeIgniter->run()
#9 /home/u877349608/domains/muraridubey.com/public_html/codeigniter/system/Boot.php(67): CodeIgniter\Boot::runCodeIgniter()
#10 /home/u877349608/domains/muraridubey.com/public_html/codeigniter/public/index.php(56): CodeIgniter\Boot::bootWeb()
#11 {main}

Next CodeIgniter\Database\Exceptions\DatabaseException: Connection timed out in /home/u877349608/domains/muraridubey.com/public_html/codeigniter/system/Database/MySQLi/Connection.php:231
Stack trace:
#0 /home/u877349608/domains/muraridubey.com/public_html/codeigniter/system/Database/BaseConnection.php(421): CodeIgniter\Database\MySQLi\Connection->connect()
#1 /home/u877349608/domains/muraridubey.com/public_html/codeigniter/system/Database/BaseConnection.php(616): CodeIgniter\Database\BaseConnection->initialize()
#2 /home/u877349608/domains/muraridubey.com/public_html/codeigniter/app/Models/Account_model.php(18): CodeIgniter\Database\BaseConnection->query()
#3 /home/u877349608/domains/muraridubey.com/public_html/codeigniter/app/Controllers/account_controller.php(19): App\Models\Account_model->get_accounts_data()
#4 /home/u877349608/domains/muraridubey.com/public_html/codeigniter/system/CodeIgniter.php(933): App\Controllers\Account_controller->index()
#5 /home/u877349608/domains/muraridubey.com/public_html/codeigniter/system/CodeIgniter.php(509): CodeIgniter\CodeIgniter->runController()
#6 /home/u877349608/domains/muraridubey.com/public_html/codeigniter/system/CodeIgniter.php(355): CodeIgniter\CodeIgniter->handleRequest()
#7 /home/u877349608/domains/muraridubey.com/public_html/codeigniter/system/Boot.php(325): CodeIgniter\CodeIgniter->run()
#8 /home/u877349608/domains/muraridubey.com/public_html/codeigniter/system/Boot.php(67): CodeIgniter\Boot::runCodeIgniter()
#9 /home/u877349608/domains/muraridubey.com/public_html/codeigniter/public/index.php(56): CodeIgniter\Boot::bootWeb()
#10 {main}
CRITICAL - 2024-07-27 08:25:46 --> CodeIgniter\Database\Exceptions\DatabaseException: Unable to connect to the database.
Main connection [MySQLi]: Connection timed out
[Method: GET, Route: accounts]
in SYSTEMPATH/Database/BaseConnection.php on line 467.
 1 SYSTEMPATH/Database/BaseConnection.php(616): CodeIgniter\Database\BaseConnection->initialize()
 2 APPPATH/Models/Account_model.php(18): CodeIgniter\Database\BaseConnection->query()
 3 APPPATH/Controllers/account_controller.php(19): App\Models\Account_model->get_accounts_data()
 4 SYSTEMPATH/CodeIgniter.php(933): App\Controllers\Account_controller->index()
 5 SYSTEMPATH/CodeIgniter.php(509): CodeIgniter\CodeIgniter->runController()
 6 SYSTEMPATH/CodeIgniter.php(355): CodeIgniter\CodeIgniter->handleRequest()
 7 SYSTEMPATH/Boot.php(325): CodeIgniter\CodeIgniter->run()
 8 SYSTEMPATH/Boot.php(67): CodeIgniter\Boot::runCodeIgniter()
 9 FCPATH/index.php(56): CodeIgniter\Boot::bootWeb()
CRITICAL - 2024-07-27 08:27:29 --> CodeIgniter\View\Exceptions\ViewException: Invalid file: "kd_project\index.php"
[Method: GET, Route: accounts]
in SYSTEMPATH/Exceptions/FrameworkException.php on line 41.
 1 SYSTEMPATH/View/View.php(222): CodeIgniter\Exceptions\FrameworkException::forInvalidFile()
 2 SYSTEMPATH/Common.php(1171): CodeIgniter\View\View->render()
 3 APPPATH/Controllers/account_controller.php(30): view()
 4 SYSTEMPATH/CodeIgniter.php(933): App\Controllers\Account_controller->index()
 5 SYSTEMPATH/CodeIgniter.php(509): CodeIgniter\CodeIgniter->runController()
 6 SYSTEMPATH/CodeIgniter.php(355): CodeIgniter\CodeIgniter->handleRequest()
 7 SYSTEMPATH/Boot.php(325): CodeIgniter\CodeIgniter->run()
 8 SYSTEMPATH/Boot.php(67): CodeIgniter\Boot::runCodeIgniter()
 9 FCPATH/index.php(56): CodeIgniter\Boot::bootWeb()
CRITICAL - 2024-07-27 08:30:06 --> CodeIgniter\View\Exceptions\ViewException: Invalid file: "kd_project\index.php"
[Method: GET, Route: accounts]
in SYSTEMPATH/Exceptions/FrameworkException.php on line 41.
 1 SYSTEMPATH/View/View.php(222): CodeIgniter\Exceptions\FrameworkException::forInvalidFile()
 2 SYSTEMPATH/Common.php(1171): CodeIgniter\View\View->render()
 3 APPPATH/Controllers/account_controller.php(30): view()
 4 SYSTEMPATH/CodeIgniter.php(933): App\Controllers\Account_controller->index()
 5 SYSTEMPATH/CodeIgniter.php(509): CodeIgniter\CodeIgniter->runController()
 6 SYSTEMPATH/CodeIgniter.php(355): CodeIgniter\CodeIgniter->handleRequest()
 7 SYSTEMPATH/Boot.php(325): CodeIgniter\CodeIgniter->run()
 8 SYSTEMPATH/Boot.php(67): CodeIgniter\Boot::runCodeIgniter()
 9 FCPATH/index.php(56): CodeIgniter\Boot::bootWeb()
CRITICAL - 2024-07-27 08:31:24 --> CodeIgniter\View\Exceptions\ViewException: Invalid file: "kd_project\index.php"
[Method: GET, Route: accounts]
in SYSTEMPATH/Exceptions/FrameworkException.php on line 41.
 1 SYSTEMPATH/View/View.php(222): CodeIgniter\Exceptions\FrameworkException::forInvalidFile()
 2 SYSTEMPATH/Common.php(1171): CodeIgniter\View\View->render()
 3 APPPATH/Controllers/account_controller.php(30): view()
 4 SYSTEMPATH/CodeIgniter.php(933): App\Controllers\Account_controller->index()
 5 SYSTEMPATH/CodeIgniter.php(509): CodeIgniter\CodeIgniter->runController()
 6 SYSTEMPATH/CodeIgniter.php(355): CodeIgniter\CodeIgniter->handleRequest()
 7 SYSTEMPATH/Boot.php(325): CodeIgniter\CodeIgniter->run()
 8 SYSTEMPATH/Boot.php(67): CodeIgniter\Boot::runCodeIgniter()
 9 FCPATH/index.php(56): CodeIgniter\Boot::bootWeb()
CRITICAL - 2024-07-27 08:31:32 --> CodeIgniter\View\Exceptions\ViewException: Invalid file: "kd_project\index.php"
[Method: GET, Route: accounts]
in SYSTEMPATH/Exceptions/FrameworkException.php on line 41.
 1 SYSTEMPATH/View/View.php(222): CodeIgniter\Exceptions\FrameworkException::forInvalidFile()
 2 SYSTEMPATH/Common.php(1171): CodeIgniter\View\View->render()
 3 APPPATH/Controllers/account_controller.php(30): view()
 4 SYSTEMPATH/CodeIgniter.php(933): App\Controllers\Account_controller->index()
 5 SYSTEMPATH/CodeIgniter.php(509): CodeIgniter\CodeIgniter->runController()
 6 SYSTEMPATH/CodeIgniter.php(355): CodeIgniter\CodeIgniter->handleRequest()
 7 SYSTEMPATH/Boot.php(325): CodeIgniter\CodeIgniter->run()
 8 SYSTEMPATH/Boot.php(67): CodeIgniter\Boot::runCodeIgniter()
 9 FCPATH/index.php(56): CodeIgniter\Boot::bootWeb()
CRITICAL - 2024-07-27 08:31:55 --> CodeIgniter\View\Exceptions\ViewException: Invalid file: "kd_project\index.php"
[Method: GET, Route: accounts]
in SYSTEMPATH/Exceptions/FrameworkException.php on line 41.
 1 SYSTEMPATH/View/View.php(222): CodeIgniter\Exceptions\FrameworkException::forInvalidFile()
 2 SYSTEMPATH/Common.php(1171): CodeIgniter\View\View->render()
 3 APPPATH/Controllers/account_controller.php(30): view()
 4 SYSTEMPATH/CodeIgniter.php(933): App\Controllers\Account_controller->index()
 5 SYSTEMPATH/CodeIgniter.php(509): CodeIgniter\CodeIgniter->runController()
 6 SYSTEMPATH/CodeIgniter.php(355): CodeIgniter\CodeIgniter->handleRequest()
 7 SYSTEMPATH/Boot.php(325): CodeIgniter\CodeIgniter->run()
 8 SYSTEMPATH/Boot.php(67): CodeIgniter\Boot::runCodeIgniter()
 9 FCPATH/index.php(56): CodeIgniter\Boot::bootWeb()
CRITICAL - 2024-07-27 08:32:41 --> CodeIgniter\View\Exceptions\ViewException: Invalid file: "kd_project\home.php"
[Method: GET, Route: accounts]
in SYSTEMPATH/Exceptions/FrameworkException.php on line 41.
 1 SYSTEMPATH/View/View.php(222): CodeIgniter\Exceptions\FrameworkException::forInvalidFile()
 2 SYSTEMPATH/Common.php(1171): CodeIgniter\View\View->render()
 3 APPPATH/Controllers/account_controller.php(30): view()
 4 SYSTEMPATH/CodeIgniter.php(933): App\Controllers\Account_controller->index()
 5 SYSTEMPATH/CodeIgniter.php(509): CodeIgniter\CodeIgniter->runController()
 6 SYSTEMPATH/CodeIgniter.php(355): CodeIgniter\CodeIgniter->handleRequest()
 7 SYSTEMPATH/Boot.php(325): CodeIgniter\CodeIgniter->run()
 8 SYSTEMPATH/Boot.php(67): CodeIgniter\Boot::runCodeIgniter()
 9 FCPATH/index.php(56): CodeIgniter\Boot::bootWeb()
