CRITICAL - 2024-07-07 17:05:09 --> ErrorException: Undefined variable $res
[Method: GET, Route: calculator_1]
in APPPATH\Controllers\Calculator.php on line 10.
 1 APPPATH\Controllers\Calculator.php(10): CodeIgniter\Debug\Exceptions->errorHandler(2, 'Undefined variable $res', 'D:\\D\\xampp\\htdocs\\codeigniter\\app\\Controllers\\Calculator.php', 10)
 2 SYSTEMPATH\CodeIgniter.php(933): App\Controllers\Calculator->index()
 3 SYSTEMPATH\CodeIgniter.php(509): CodeIgniter\CodeIgniter->runController(Object(App\Controllers\Calculator))
 4 SYSTEMPATH\CodeIgniter.php(355): CodeIgniter\CodeIgniter->handleRequest(null, Object(Config\Cache), false)
 5 SYSTEMPATH\Boot.php(325): CodeIgniter\CodeIgniter->run()
 6 SYSTEMPATH\Boot.php(67): CodeIgniter\Boot::runCodeIgniter(Object(CodeIgniter\CodeIgniter))
 7 FCPATH\index.php(56): CodeIgniter\Boot::bootWeb(Object(Config\Paths))
CRITICAL - 2024-07-07 17:05:10 --> ErrorException: Undefined variable $res
[Method: GET, Route: calculator_1]
in APPPATH\Controllers\Calculator.php on line 10.
 1 APPPATH\Controllers\Calculator.php(10): CodeIgniter\Debug\Exceptions->errorHandler(2, 'Undefined variable $res', 'D:\\D\\xampp\\htdocs\\codeigniter\\app\\Controllers\\Calculator.php', 10)
 2 SYSTEMPATH\CodeIgniter.php(933): App\Controllers\Calculator->index()
 3 SYSTEMPATH\CodeIgniter.php(509): CodeIgniter\CodeIgniter->runController(Object(App\Controllers\Calculator))
 4 SYSTEMPATH\CodeIgniter.php(355): CodeIgniter\CodeIgniter->handleRequest(null, Object(Config\Cache), false)
 5 SYSTEMPATH\Boot.php(325): CodeIgniter\CodeIgniter->run()
 6 SYSTEMPATH\Boot.php(67): CodeIgniter\Boot::runCodeIgniter(Object(CodeIgniter\CodeIgniter))
 7 FCPATH\index.php(56): CodeIgniter\Boot::bootWeb(Object(Config\Paths))
