ERROR - 2024-09-10 07:12:32 --> Error connecting to the database: mysqli_sql_exception: Host '127.0.0.1' is not allowed to connect to this MariaDB server in /home/u877349608/domains/muraridubey.com/public_html/codeigniter/system/Database/MySQLi/Connection.php:187
Stack trace:
#0 /home/u877349608/domains/muraridubey.com/public_html/codeigniter/system/Database/MySQLi/Connection.php(187): mysqli->real_connect()
#1 /home/u877349608/domains/muraridubey.com/public_html/codeigniter/system/Database/BaseConnection.php(421): CodeIgniter\Database\MySQLi\Connection->connect()
#2 /home/u877349608/domains/muraridubey.com/public_html/codeigniter/system/Database/BaseConnection.php(616): CodeIgniter\Database\BaseConnection->initialize()
#3 /home/u877349608/domains/muraridubey.com/public_html/codeigniter/app/Models/Accounts_data_model.php(78): CodeIgniter\Database\BaseConnection->query()
#4 /home/u877349608/domains/muraridubey.com/public_html/codeigniter/app/Controllers/Accounts_data_controller.php(51): App\Models\accounts_data_model->update_accounts()
#5 /home/u877349608/domains/muraridubey.com/public_html/codeigniter/system/CodeIgniter.php(933): App\Controllers\Accounts_data_controller->update_acc_data()
#6 /home/u877349608/domains/muraridubey.com/public_html/codeigniter/system/CodeIgniter.php(509): CodeIgniter\CodeIgniter->runController()
#7 /home/u877349608/domains/muraridubey.com/public_html/codeigniter/system/CodeIgniter.php(355): CodeIgniter\CodeIgniter->handleRequest()
#8 /home/u877349608/domains/muraridubey.com/public_html/codeigniter/system/Boot.php(325): CodeIgniter\CodeIgniter->run()
#9 /home/u877349608/domains/muraridubey.com/public_html/codeigniter/system/Boot.php(67): CodeIgniter\Boot::runCodeIgniter()
#10 /home/u877349608/domains/muraridubey.com/public_html/codeigniter/public/index.php(56): CodeIgniter\Boot::bootWeb()
#11 {main}

Next CodeIgniter\Database\Exceptions\DatabaseException: Host '127.0.0.1' is not allowed to connect to this MariaDB server in /home/u877349608/domains/muraridubey.com/public_html/codeigniter/system/Database/MySQLi/Connection.php:231
Stack trace:
#0 /home/u877349608/domains/muraridubey.com/public_html/codeigniter/system/Database/BaseConnection.php(421): CodeIgniter\Database\MySQLi\Connection->connect()
#1 /home/u877349608/domains/muraridubey.com/public_html/codeigniter/system/Database/BaseConnection.php(616): CodeIgniter\Database\BaseConnection->initialize()
#2 /home/u877349608/domains/muraridubey.com/public_html/codeigniter/app/Models/Accounts_data_model.php(78): CodeIgniter\Database\BaseConnection->query()
#3 /home/u877349608/domains/muraridubey.com/public_html/codeigniter/app/Controllers/Accounts_data_controller.php(51): App\Models\accounts_data_model->update_accounts()
#4 /home/u877349608/domains/muraridubey.com/public_html/codeigniter/system/CodeIgniter.php(933): App\Controllers\Accounts_data_controller->update_acc_data()
#5 /home/u877349608/domains/muraridubey.com/public_html/codeigniter/system/CodeIgniter.php(509): CodeIgniter\CodeIgniter->runController()
#6 /home/u877349608/domains/muraridubey.com/public_html/codeigniter/system/CodeIgniter.php(355): CodeIgniter\CodeIgniter->handleRequest()
#7 /home/u877349608/domains/muraridubey.com/public_html/codeigniter/system/Boot.php(325): CodeIgniter\CodeIgniter->run()
#8 /home/u877349608/domains/muraridubey.com/public_html/codeigniter/system/Boot.php(67): CodeIgniter\Boot::runCodeIgniter()
#9 /home/u877349608/domains/muraridubey.com/public_html/codeigniter/public/index.php(56): CodeIgniter\Boot::bootWeb()
#10 {main}
CRITICAL - 2024-09-10 07:12:32 --> CodeIgniter\Database\Exceptions\DatabaseException: Unable to connect to the database.
Main connection [MySQLi]: Host '127.0.0.1' is not allowed to connect to this MariaDB server
[Method: POST, Route: accounts_data/update_acc_data]
in SYSTEMPATH/Database/BaseConnection.php on line 467.
 1 SYSTEMPATH/Database/BaseConnection.php(616): CodeIgniter\Database\BaseConnection->initialize()
 2 APPPATH/Models/Accounts_data_model.php(78): CodeIgniter\Database\BaseConnection->query()
 3 APPPATH/Controllers/Accounts_data_controller.php(51): App\Models\accounts_data_model->update_accounts()
 4 SYSTEMPATH/CodeIgniter.php(933): App\Controllers\Accounts_data_controller->update_acc_data()
 5 SYSTEMPATH/CodeIgniter.php(509): CodeIgniter\CodeIgniter->runController()
 6 SYSTEMPATH/CodeIgniter.php(355): CodeIgniter\CodeIgniter->handleRequest()
 7 SYSTEMPATH/Boot.php(325): CodeIgniter\CodeIgniter->run()
 8 SYSTEMPATH/Boot.php(67): CodeIgniter\Boot::runCodeIgniter()
 9 FCPATH/index.php(56): CodeIgniter\Boot::bootWeb()
INFO - 2024-09-10 16:34:23 --> Session: Class initialized using 'CodeIgniter\Session\Handlers\FileHandler' driver.
INFO - 2024-09-10 16:34:37 --> Session: Class initialized using 'CodeIgniter\Session\Handlers\FileHandler' driver.
INFO - 2024-09-10 16:36:17 --> Session: Class initialized using 'CodeIgniter\Session\Handlers\FileHandler' driver.
INFO - 2024-09-10 16:36:25 --> Session: Class initialized using 'CodeIgniter\Session\Handlers\FileHandler' driver.
INFO - 2024-09-10 16:48:29 --> Session: Class initialized using 'CodeIgniter\Session\Handlers\FileHandler' driver.
INFO - 2024-09-10 16:48:33 --> Session: Class initialized using 'CodeIgniter\Session\Handlers\FileHandler' driver.
INFO - 2024-09-10 16:48:41 --> Session: Class initialized using 'CodeIgniter\Session\Handlers\FileHandler' driver.
INFO - 2024-09-10 16:49:02 --> Session: Class initialized using 'CodeIgniter\Session\Handlers\FileHandler' driver.
INFO - 2024-09-10 16:50:20 --> Session: Class initialized using 'CodeIgniter\Session\Handlers\FileHandler' driver.
INFO - 2024-09-10 16:54:30 --> Session: Class initialized using 'CodeIgniter\Session\Handlers\FileHandler' driver.
INFO - 2024-09-10 16:54:43 --> Session: Class initialized using 'CodeIgniter\Session\Handlers\FileHandler' driver.
INFO - 2024-09-10 17:08:55 --> Session: Class initialized using 'CodeIgniter\Session\Handlers\FileHandler' driver.
INFO - 2024-09-10 17:09:08 --> Session: Class initialized using 'CodeIgniter\Session\Handlers\FileHandler' driver.
INFO - 2024-09-10 17:11:06 --> Session: Class initialized using 'CodeIgniter\Session\Handlers\FileHandler' driver.
INFO - 2024-09-10 17:11:16 --> Session: Class initialized using 'CodeIgniter\Session\Handlers\FileHandler' driver.
INFO - 2024-09-10 17:15:37 --> Session: Class initialized using 'CodeIgniter\Session\Handlers\FileHandler' driver.
INFO - 2024-09-10 17:16:36 --> Session: Class initialized using 'CodeIgniter\Session\Handlers\FileHandler' driver.
INFO - 2024-09-10 17:16:36 --> Session: Class initialized using 'CodeIgniter\Session\Handlers\FileHandler' driver.
INFO - 2024-09-10 17:16:46 --> Session: Class initialized using 'CodeIgniter\Session\Handlers\FileHandler' driver.
INFO - 2024-09-10 17:16:50 --> Session: Class initialized using 'CodeIgniter\Session\Handlers\FileHandler' driver.
INFO - 2024-09-10 17:16:50 --> Session: Class initialized using 'CodeIgniter\Session\Handlers\FileHandler' driver.
INFO - 2024-09-10 17:18:39 --> Session: Class initialized using 'CodeIgniter\Session\Handlers\FileHandler' driver.
INFO - 2024-09-10 17:19:03 --> Session: Class initialized using 'CodeIgniter\Session\Handlers\FileHandler' driver.
INFO - 2024-09-10 17:19:07 --> Session: Class initialized using 'CodeIgniter\Session\Handlers\FileHandler' driver.
INFO - 2024-09-10 17:19:07 --> Session: Class initialized using 'CodeIgniter\Session\Handlers\FileHandler' driver.
